exports[`test renders correctly 1`] = `
<div
  className="App">
  <div
    className="App-header">
    <h1>
      Custom Select Widget
    </h1>
  </div>
  <p>
    This is a custom select widget that is screen-reader friendly.
  </p>
  <select
    aria-label="select a dog breed"
    className="styled-select"
    id="my-select-widget"
    onChange={[Function]}
    role="button"
    style={
      Object {
        "WebkitAppearance": "none",
        "background": "url(dropdown.png) no-repeat right #FFFFFF",
        "border": "1px solid #eaeaea",
        "borderRadius": "5px",
        "fontSize": "14px",
        "height": "40px",
        "overflow": "hidden",
        "padding": "5px 10px 5px 10px",
        "width": "200px",
      }
    }
    value="mutt">
    <option
      value="mutt">
      Mutt
    </option>
    <option
      value="lab">
      Labrador Retriever
    </option>
    <option
      value="scottie">
      Scottish Terrier
    </option>
  </select>
</div>
`;
